// Jest Snapshot v1, https://goo.gl/fbAQLP

exports[`BookShelf renders without crashing - with book data 1`] = `
<div
  className="bookshelf"
>
  <h2
    className="bookshelf-title"
  />
  <div
    className="bookshelf-books"
  >
    <ol
      className="books-grid"
    >
      <Book
        book={
          Object {
            "authors": Array [
              "Nils Hartmann",
              "Oliver Zeigermann",
            ],
            "imageLinks": Object {
              "thumbnail": "http://books.google.com/books/content?id=IOejDAAAQBAJ&printsec=frontcover&img=1&zoom=1&source=gbs_api",
            },
            "shelf": "read",
            "title": "React",
          }
        }
        handleShelfChange={[MockFunction]}
        key="key"
      />
    </ol>
  </div>
</div>
`;
