// Jest Snapshot v1, https://goo.gl/fbAQLP

exports[`Book renders without crashing - with book data 1`] = `
<li>
  <div
    className="book"
  >
    <div
      className="book-top"
    >
      <div
        className="book-cover"
        style={
          Object {
            "backgroundImage": "url(https://books.google.com/books/content?id=IOejDAAAQBAJ&printsec=frontcover&img=1&zoom=1&source=gbs_api)",
            "height": 193,
            "width": 128,
          }
        }
      />
      <BookMenu
        book={
          Object {
            "authors": Array [
              "Nils Hartmann",
              "Oliver Zeigermann",
            ],
            "imageLinks": Object {
              "thumbnail": "http://books.google.com/books/content?id=IOejDAAAQBAJ&printsec=frontcover&img=1&zoom=1&source=gbs_api",
            },
            "shelf": "read",
            "title": "React",
          }
        }
        handleShelfChange={[MockFunction]}
        shelf="read"
      />
    </div>
    <div
      className="book-title"
    >
      React
    </div>
    <div
      className="book-authors"
      key="Nils Hartmann"
    >
      Nils Hartmann
    </div>
    <div
      className="book-authors"
      key="Oliver Zeigermann"
    >
      Oliver Zeigermann
    </div>
  </div>
</li>
`;
