// Jest Snapshot v1, https://goo.gl/fbAQLP

exports[`LibraryPage renders without crashing 1`] = `
<div
  className="list-books"
>
  <div
    className="list-books-title"
  >
    <h1>
      MyReads
    </h1>
  </div>
  <Spin
    size="large"
    spinning={true}
    tip="Loading..."
    wrapperClassName=""
  >
    <div
      className="list-books-content"
    >
      <BookShelf
        books={Array []}
        title="Currently Reading"
      />
      <BookShelf
        books={Array []}
        title="Want to Read"
      />
      <BookShelf
        books={Array []}
        title="Read"
      />
    </div>
  </Spin>
  <div
    className="open-search"
  >
    <Link
      className="search-book"
      replace={false}
      to="/search"
    >
      <button>
        Add a book
      </button>
    </Link>
  </div>
</div>
`;
