// Jest Snapshot v1, https://goo.gl/fbAQLP

exports[`SearchPage renders without crashing 1`] = `
<Spin
  size="large"
  spinning={true}
  tip="Loading..."
  wrapperClassName=""
>
  <div
    className="search-books"
  >
    <div
      className="search-books-bar"
    >
      <Link
        replace={false}
        to="/"
      >
        <button
          className="close-search"
        >
          Close
        </button>
      </Link>
      <div
        className="search-books-input-wrapper"
      >
        <input
          onChange={[Function]}
          placeholder="Search by title or author"
          type="text"
        />
      </div>
    </div>
    <div
      className="search-books-results"
    >
      <ol
        className="books-grid"
      />
    </div>
  </div>
</Spin>
`;
